{"Level":"info","Time":"2022-02-03 20:34:36","Caller":"configs/Logger.go:54","Msg":"WebSocket Core: start heartbeat"}
{"Level":"info","Time":"2022-02-03 20:37:31","Caller":"configs/Logger.go:54","Msg":"WebSocket Core: start heartbeat"}
{"Level":"info","Time":"2022-02-03 23:06:17","Caller":"configs/Logger.go:54","Msg":"WebSocket Core: start heartbeat"}
{"Level":"info","Time":"2022-02-03 23:08:06","Caller":"configs/Logger.go:54","Msg":"WebSocket Core: start heartbeat"}
{"Level":"info","Time":"2022-02-03 23:10:48","Caller":"configs/Logger.go:54","Msg":"WebSocket Core: start heartbeat"}
{"Level":"info","Time":"2022-02-03 23:12:39","Caller":"configs/Logger.go:54","Msg":"WebSocket Core: start heartbeat"}
{"Level":"info","Time":"2022-02-03 23:14:24","Caller":"configs/Logger.go:54","Msg":"WebSocket Core: start heartbeat"}
{"Level":"info","Time":"2022-02-03 23:15:12","Caller":"configs/Logger.go:54","Msg":"WebSocket Core: start heartbeat"}
{"Level":"info","Time":"2022-02-03 23:17:30","Caller":"configs/Logger.go:54","Msg":"WebSocket Core: start heartbeat"}
{"Level":"info","Time":"2022-02-03 23:20:05","Caller":"configs/Logger.go:54","Msg":"WebSocket Core: start heartbeat"}
{"Level":"info","Time":"2022-02-03 23:22:09","Caller":"configs/Logger.go:54","Msg":"WebSocket Core: start heartbeat"}
{"Level":"info","Time":"2022-02-03 23:23:05","Caller":"configs/Logger.go:54","Msg":"WebSocket Core: start heartbeat"}
{"Level":"info","Time":"2022-02-03 23:24:03","Caller":"configs/Logger.go:54","Msg":"WebSocket Core: start heartbeat"}
{"Level":"info","Time":"2022-02-03 23:26:12","Caller":"configs/Logger.go:54","Msg":"WebSocket Core: start heartbeat"}
{"Level":"info","Time":"2022-02-04 01:08:50","Caller":"configs/Logger.go:54","Msg":"WebSocket Core: start heartbeat"}
{"Level":"info","Time":"2022-02-04 20:11:23","Caller":"configs/Logger.go:54","Msg":"WebSocket Core: start heartbeat"}
{"Level":"info","Time":"2022-02-04 20:15:20","Caller":"configs/Logger.go:54","Msg":"WebSocket Core: start heartbeat"}
{"Level":"info","Time":"2022-02-04 20:18:23","Caller":"configs/Logger.go:54","Msg":"WebSocket Core: start heartbeat"}
{"Level":"info","Time":"2022-02-04 20:26:08","Caller":"configs/Logger.go:54","Msg":"WebSocket Core: start heartbeat"}
{"Level":"info","Time":"2022-02-04 20:27:01","Caller":"configs/Logger.go:54","Msg":"WebSocket Core: start heartbeat"}
{"Level":"info","Time":"2022-02-04 20:27:45","Caller":"configs/Logger.go:54","Msg":"WebSocket Core: start heartbeat"}
{"Level":"info","Time":"2022-02-04 20:29:14","Caller":"configs/Logger.go:54","Msg":"WebSocket Core: start heartbeat"}
{"Level":"info","Time":"2022-02-04 22:32:23","Caller":"configs/Logger.go:54","Msg":"WebSocket Core: start heartbeat"}
{"Level":"info","Time":"2022-02-04 22:34:14","Caller":"configs/Logger.go:54","Msg":"WebSocket Core: start heartbeat"}
{"Level":"info","Time":"2022-02-04 22:38:20","Caller":"configs/Logger.go:54","Msg":"WebSocket Core: start heartbeat"}
{"Level":"info","Time":"2022-02-04 22:40:00","Caller":"configs/Logger.go:54","Msg":"WebSocket Core: start heartbeat"}
{"Level":"info","Time":"2022-02-04 22:46:29","Caller":"configs/Logger.go:54","Msg":"WebSocket Core: start heartbeat"}
{"Level":"info","Time":"2022-02-04 22:49:07","Caller":"configs/Logger.go:54","Msg":"WebSocket Core: start heartbeat"}
{"Level":"info","Time":"2022-02-04 22:49:56","Caller":"configs/Logger.go:54","Msg":"WebSocket Core: start heartbeat"}
{"Level":"info","Time":"2022-02-05 15:07:48","Caller":"configs/Logger.go:54","Msg":"WebSocket Core: start heartbeat"}
{"Level":"info","Time":"2022-02-05 17:44:39","Caller":"configs/Logger.go:54","Msg":"WebSocket Core: start heartbeat"}
{"Level":"info","Time":"2022-02-05 17:45:05","Caller":"configs/Logger.go:54","Msg":"WebSocket Core: start heartbeat"}
{"Level":"info","Time":"2022-02-05 17:49:03","Caller":"configs/Logger.go:54","Msg":"WebSocket Core: start heartbeat"}
{"Level":"info","Time":"2022-02-05 17:49:51","Caller":"configs/Logger.go:54","Msg":"WebSocket Core: start heartbeat"}
{"Level":"info","Time":"2022-02-05 17:50:39","Caller":"configs/Logger.go:54","Msg":"WebSocket Core: start heartbeat"}
{"Level":"info","Time":"2022-02-05 18:16:19","Caller":"configs/Logger.go:54","Msg":"WebSocket Core: start heartbeat"}
{"Level":"info","Time":"2022-02-05 18:23:59","Caller":"configs/Logger.go:54","Msg":"WebSocket Core: start heartbeat"}
{"Level":"info","Time":"2022-02-05 18:26:38","Caller":"configs/Logger.go:54","Msg":"WebSocket Core: start heartbeat"}
{"Level":"info","Time":"2022-02-05 18:38:48","Caller":"configs/Logger.go:54","Msg":"WebSocket Core: start heartbeat"}
{"Level":"info","Time":"2022-02-05 18:39:29","Caller":"configs/Logger.go:54","Msg":"WebSocket Core: start heartbeat"}
{"Level":"info","Time":"2022-02-05 18:39:39","Caller":"configs/Logger.go:54","Msg":"WebSocket Core: start heartbeat"}
{"Level":"info","Time":"2022-02-05 18:40:12","Caller":"configs/Logger.go:54","Msg":"WebSocket Core: start heartbeat"}
{"Level":"info","Time":"2022-02-05 18:40:55","Caller":"configs/Logger.go:54","Msg":"WebSocket Core: start heartbeat"}
{"Level":"info","Time":"2022-02-05 20:15:53","Caller":"configs/Logger.go:54","Msg":"WebSocket Core: start heartbeat"}
{"Level":"info","Time":"2022-02-06 00:43:50","Caller":"configs/Logger.go:54","Msg":"WebSocket Core: start heartbeat"}
{"Level":"info","Time":"2022-02-06 00:48:47","Caller":"configs/Logger.go:54","Msg":"WebSocket Core: start heartbeat"}
{"Level":"info","Time":"2022-02-06 00:51:09","Caller":"configs/Logger.go:54","Msg":"WebSocket Core: start heartbeat"}
{"Level":"info","Time":"2022-02-06 00:58:24","Caller":"configs/Logger.go:54","Msg":"WebSocket Core: start heartbeat"}
{"Level":"info","Time":"2022-02-06 01:00:48","Caller":"configs/Logger.go:54","Msg":"WebSocket Core: start heartbeat"}
{"Level":"info","Time":"2022-02-06 01:04:49","Caller":"configs/Logger.go:54","Msg":"WebSocket Core: start heartbeat"}
{"Level":"info","Time":"2022-02-06 01:05:48","Caller":"configs/Logger.go:54","Msg":"WebSocket Core: start heartbeat"}
{"Level":"info","Time":"2022-02-09 13:56:05","Caller":"configs/Logger.go:54","Msg":"WebSocket Core: start heartbeat"}
{"Level":"info","Time":"2022-02-09 15:10:39","Caller":"configs/Logger.go:54","Msg":"WebSocket Core: start heartbeat"}
{"Level":"info","Time":"2022-02-09 16:35:30","Caller":"configs/Logger.go:54","Msg":"WebSocket Core: start heartbeat"}
{"Level":"info","Time":"2022-02-09 16:37:04","Caller":"configs/Logger.go:54","Msg":"WebSocket Core: start heartbeat"}
{"Level":"info","Time":"2022-02-09 16:39:38","Caller":"configs/Logger.go:54","Msg":"WebSocket Core: start heartbeat"}
{"Level":"info","Time":"2022-02-09 16:40:29","Caller":"configs/Logger.go:54","Msg":"WebSocket Core: start heartbeat"}
{"Level":"info","Time":"2022-02-09 20:26:11","Caller":"configs/Logger.go:54","Msg":"WebSocket Core: start heartbeat"}
{"Level":"info","Time":"2022-02-09 22:02:20","Caller":"configs/Logger.go:54","Msg":"WebSocket Core: start heartbeat"}
